../Core/Src/main.c:72:6:EEPROM_WRITE	32	static
../Core/Src/main.c:79:6:EEPROM_Read	48	static
../Core/Src/main.c:87:6:BufferAndWriteEEPROM	16	static
../Core/Src/main.c:96:6:HAL_UART_RxCpltCallback	16	static
../Core/Src/main.c:115:6:TransmitBack	1008	static
../Core/Src/main.c:126:5:main	8	static
../Core/Src/main.c:171:6:SystemClock_Config	96	static
../Core/Src/main.c:212:13:MX_USART1_UART_Init	8	static
../Core/Src/main.c:260:13:MX_USART2_UART_Init	8	static
../Core/Src/main.c:308:13:MX_GPIO_Init	48	static
../Core/Src/main.c:341:6:Error_Handler	8	static,ignoring_inline_asm
